[    0.000000] Initializing cgroup subsys cpuset
[    0.000000] Initializing cgroup subsys cpu
[    0.000000] Initializing cgroup subsys cpuacct
[    0.000000] Linux version 4.4.0-97-generic (buildd@lcy01-33) (gcc version 5.4.0 20160609 (Ubuntu 5.4.0-6ubuntu1~16.04.4) ) #120-Ubuntu SMP Tue Sep 19 17:28:18 UTC 2017 (Ubuntu 4.4.0-97.120-generic 4.4.87)
[    0.000000] Command line: BOOT_IMAGE=/boot/vmlinuz-4.4.0-97-generic root=LABEL=cloudimg-rootfs ro console=tty1 console=ttyS0
[    0.000000] KERNEL supported cpus:
[    0.000000]   Intel GenuineIntel
[    0.000000]   AMD AuthenticAMD
[    0.000000]   Centaur CentaurHauls
[    0.000000] x86/fpu: xstate_offset[2]:  576, xstate_sizes[2]:  256
[    0.000000] x86/fpu: Supporting XSAVE feature 0x01: 'x87 floating point registers'
[    0.000000] x86/fpu: Supporting XSAVE feature 0x02: 'SSE registers'
[    0.000000] x86/fpu: Supporting XSAVE feature 0x04: 'AVX registers'
[    0.000000] x86/fpu: Enabled xstate features 0x7, context size is 832 bytes, using 'standard' format.
[    0.000000] x86/fpu: Using 'lazy' FPU context switches.
[    0.000000] e820: BIOS-provided physical RAM map:
[    0.000000] BIOS-e820: [mem 0x0000000000000000-0x000000000009fbff] usable
[    0.000000] BIOS-e820: [mem 0x000000000009fc00-0x000000000009ffff] reserved
[    0.000000] BIOS-e820: [mem 0x00000000000f0000-0x00000000000fffff] reserved
[    0.000000] BIOS-e820: [mem 0x0000000000100000-0x000000003ffeffff] usable
[    0.000000] BIOS-e820: [mem 0x000000003fff0000-0x000000003fffffff] ACPI data
[    0.000000] BIOS-e820: [mem 0x00000000fec00000-0x00000000fec00fff] reserved
[    0.000000] BIOS-e820: [mem 0x00000000fee00000-0x00000000fee00fff] reserved
[    0.000000] BIOS-e820: [mem 0x00000000fffc0000-0x00000000ffffffff] reserved
[    0.000000] NX (Execute Disable) protection: active
[    0.000000] SMBIOS 2.5 present.
[    0.000000] Hypervisor detected: KVM
[    0.000000] e820: last_pfn = 0x3fff0 max_arch_pfn = 0x400000000
[    0.000000] MTRR: Disabled
[    0.000000] x86/PAT: MTRRs disabled, skipping PAT initialization too.
[    0.000000] CPU MTRRs all blank - virtualized system.
[    0.000000] x86/PAT: Configuration [0-7]: WB  WT  UC- UC  WB  WT  UC- UC  
[    0.000000] found SMP MP-table at [mem 0x0009fff0-0x0009ffff] mapped at [ffff88000009fff0]
[    0.000000] Scanning 1 areas for low memory corruption
[    0.000000] RAMDISK: [mem 0x36adc000-0x37565fff]
[    0.000000] ACPI: Early table checksum verification disabled
[    0.000000] ACPI: RSDP 0x00000000000E0000 000024 (v02 VBOX  )
[    0.000000] ACPI: XSDT 0x000000003FFF0030 00003C (v01 VBOX   VBOXXSDT 00000001 ASL  00000061)
[    0.000000] ACPI: FACP 0x000000003FFF00F0 0000F4 (v04 VBOX   VBOXFACP 00000001 ASL  00000061)
[    0.000000] ACPI: DSDT 0x000000003FFF0470 0021FF (v02 VBOX   VBOXBIOS 00000002 INTL 20100528)
[    0.000000] ACPI: FACS 0x000000003FFF0200 000040
[    0.000000] ACPI: FACS 0x000000003FFF0200 000040
[    0.000000] ACPI: APIC 0x000000003FFF0240 00005C (v02 VBOX   VBOXAPIC 00000001 ASL  00000061)
[    0.000000] ACPI: SSDT 0x000000003FFF02A0 0001CC (v01 VBOX   VBOXCPUT 00000002 INTL 20100528)
[    0.000000] No NUMA configuration found
[    0.000000] Faking a node at [mem 0x0000000000000000-0x000000003ffeffff]
[    0.000000] NODE_DATA(0) allocated [mem 0x3ffeb000-0x3ffeffff]
[    0.000000] kvm-clock: Using msrs 4b564d01 and 4b564d00
[    0.000000] kvm-clock: cpu 0, msr 0:3ffe3001, primary cpu clock
[    0.000000] kvm-clock: using sched offset of 3136936577 cycles
[    0.000000] clocksource: kvm-clock: mask: 0xffffffffffffffff max_cycles: 0x1cd42e4dffb, max_idle_ns: 881590591483 ns
[    0.000000] Zone ranges:
[    0.000000]   DMA      [mem 0x0000000000001000-0x0000000000ffffff]
[    0.000000]   DMA32    [mem 0x0000000001000000-0x000000003ffeffff]
[    0.000000]   Normal   empty
[    0.000000]   Device   empty
[    0.000000] Movable zone start for each node
[    0.000000] Early memory node ranges
[    0.000000]   node   0: [mem 0x0000000000001000-0x000000000009efff]
[    0.000000]   node   0: [mem 0x0000000000100000-0x000000003ffeffff]
[    0.000000] Initmem setup node 0 [mem 0x0000000000001000-0x000000003ffeffff]
[    0.000000] ACPI: PM-Timer IO Port: 0x4008
[    0.000000] IOAPIC[0]: apic_id 2, version 32, address 0xfec00000, GSI 0-23
[    0.000000] ACPI: INT_SRC_OVR (bus 0 bus_irq 0 global_irq 2 dfl dfl)
[    0.000000] ACPI: INT_SRC_OVR (bus 0 bus_irq 9 global_irq 9 high level)
[    0.000000] Using ACPI (MADT) for SMP configuration information
[    0.000000] smpboot: Allowing 2 CPUs, 0 hotplug CPUs
[    0.000000] PM: Registered nosave memory: [mem 0x00000000-0x00000fff]
[    0.000000] PM: Registered nosave memory: [mem 0x0009f000-0x0009ffff]
[    0.000000] PM: Registered nosave memory: [mem 0x000a0000-0x000effff]
[    0.000000] PM: Registered nosave memory: [mem 0x000f0000-0x000fffff]
[    0.000000] e820: [mem 0x40000000-0xfebfffff] available for PCI devices
[    0.000000] Booting paravirtualized kernel on KVM
[    0.000000] clocksource: refined-jiffies: mask: 0xffffffff max_cycles: 0xffffffff, max_idle_ns: 7645519600211568 ns
[    0.000000] setup_percpu: NR_CPUS:512 nr_cpumask_bits:512 nr_cpu_ids:2 nr_node_ids:1
[    0.000000] PERCPU: Embedded 34 pages/cpu @ffff88003fc00000 s98328 r8192 d32744 u1048576
[    0.000000] PV qspinlock hash table entries: 256 (order: 0, 4096 bytes)
[    0.000000] Built 1 zonelists in Node order, mobility grouping on.  Total pages: 257913
[    0.000000] Policy zone: DMA32
[    0.000000] Kernel command line: BOOT_IMAGE=/boot/vmlinuz-4.4.0-97-generic root=LABEL=cloudimg-rootfs ro console=tty1 console=ttyS0
[    0.000000] PID hash table entries: 4096 (order: 3, 32768 bytes)
[    0.000000] Memory: 1001772K/1048120K available (8480K kernel code, 1294K rwdata, 3984K rodata, 1492K init, 1316K bss, 46348K reserved, 0K cma-reserved)
[    0.000000] SLUB: HWalign=64, Order=0-3, MinObjects=0, CPUs=2, Nodes=1
[    0.000000] Hierarchical RCU implementation.
[    0.000000] 	Build-time adjustment of leaf fanout to 64.
[    0.000000] 	RCU restricting CPUs from NR_CPUS=512 to nr_cpu_ids=2.
[    0.000000] RCU: Adjusting geometry for rcu_fanout_leaf=64, nr_cpu_ids=2
[    0.000000] NR_IRQS:33024 nr_irqs:440 16
[    0.000000] Console: colour VGA+ 80x25
[    0.000000] console [tty1] enabled
[    0.000000] console [ttyS0] enabled
[    0.000000] tsc: Detected 1599.999 MHz processor
[    2.862390] Calibrating delay loop (skipped) preset value.. 3199.99 BogoMIPS (lpj=6399996)
[    2.897280] pid_max: default: 32768 minimum: 301
[    2.941792] ACPI: Core revision 20150930
[    2.999469] ACPI: 2 ACPI AML tables successfully acquired and loaded
[    3.069315] Security Framework initialized
[    3.081579] Yama: becoming mindful.
[    3.104340] AppArmor: AppArmor initialized
[    3.151473] Dentry cache hash table entries: 131072 (order: 8, 1048576 bytes)
[    3.218586] Inode-cache hash table entries: 65536 (order: 7, 524288 bytes)
[    3.279583] Mount-cache hash table entries: 2048 (order: 2, 16384 bytes)
[    3.352765] Mountpoint-cache hash table entries: 2048 (order: 2, 16384 bytes)
[    3.384617] Initializing cgroup subsys io
[    3.413578] Initializing cgroup subsys memory
[    3.451351] Initializing cgroup subsys devices
[    3.489965] Initializing cgroup subsys freezer
[    3.530394] Initializing cgroup subsys net_cls
[    3.539153] Initializing cgroup subsys perf_event
[    3.568834] Initializing cgroup subsys net_prio
[    3.607380] Initializing cgroup subsys hugetlb
[    3.630908] Initializing cgroup subsys pids
[    3.639133] CPU: Physical Processor ID: 0
[    3.652110] CPU: Processor Core ID: 0
[    3.656206] mce: CPU supports 0 MCE banks
[    3.661724] Last level iTLB entries: 4KB 64, 2MB 8, 4MB 8
[    3.675282] Last level dTLB entries: 4KB 64, 2MB 0, 4MB 0, 1GB 4
[    3.678807] Freeing SMP alternatives memory: 32K
[    3.691639] ftrace: allocating 32148 entries in 126 pages
[    3.773816] smpboot: APIC(0) Converting physical 0 to logical package 0
[    3.781496] smpboot: Max logical packages: 1
[    3.787061] x2apic enabled
[    3.788531] Switched APIC routing to physical x2apic.
[    3.810286] ..TIMER: vector=0x30 apic1=0 pin1=2 apic2=-1 pin2=-1
[    3.929001] smpboot: CPU0: Intel(R) Core(TM) i5-5250U CPU @ 1.60GHz (family: 0x6, model: 0x3d, stepping: 0x4)
[    3.943581] Performance Events: unsupported p6 CPU model 61 no PMU driver, software events only.
[    3.961839] KVM setup paravirtual spinlock
[    3.971244] x86: Booting SMP configuration:
[    3.986193] .... node  #0, CPUs:      #1
[    3.993136] kvm-clock: cpu 1, msr 0:3ffe3041, secondary cpu clock
[    3.999037] mce: CPU supports 0 MCE banks
[    4.002043] x86: Booted up 1 node, 2 CPUs
[    4.010377] smpboot: Total of 2 processors activated (6399.99 BogoMIPS)
[    4.051323] devtmpfs: initialized
[    4.061681] evm: security.selinux
[    4.070855] evm: security.SMACK64
[    4.087205] evm: security.SMACK64EXEC
[    4.093749] evm: security.SMACK64TRANSMUTE
[    4.100533] evm: security.SMACK64MMAP
[    4.112016] evm: security.ima
[    4.113206] evm: security.capability
[    4.130742] clocksource: jiffies: mask: 0xffffffff max_cycles: 0xffffffff, max_idle_ns: 7645041785100000 ns
[    4.218660] futex hash table entries: 512 (order: 3, 32768 bytes)
[    4.237294] pinctrl core: initialized pinctrl subsystem
[    4.274707] RTC time: 14:09:07, date: 10/18/17
[    4.286331] NET: Registered protocol family 16
[    4.309566] cpuidle: using governor ladder
[    4.329498] cpuidle: using governor menu
[    4.344590] PCCT header not found.
[    4.351796] ACPI: bus type PCI registered
[    4.384429] acpiphp: ACPI Hot Plug PCI Controller Driver version: 0.5
[    4.386916] PCI: Using configuration type 1 for base access
[    4.403491] ACPI: Added _OSI(Module Device)
[    4.419300] ACPI: Added _OSI(Processor Device)
[    4.440072] ACPI: Added _OSI(3.0 _SCP Extensions)
[    4.458949] ACPI: Added _OSI(Processor Aggregator Device)
[    4.489859] ACPI: Executed 1 blocks of module-level executable AML code
[    4.505002] ACPI: Interpreter enabled
[    4.530465] ACPI: (supports S0 S5)
[    4.537197] ACPI: Using IOAPIC for interrupt routing
[    4.568046] PCI: Using host bridge windows from ACPI; if necessary, use "pci=nocrs" and report a bug
[    4.592560] ACPI: PCI Root Bridge [PCI0] (domain 0000 [bus 00-ff])
[    4.607169] acpi PNP0A03:00: _OSC: OS supports [ASPM ClockPM Segments MSI]
[    4.637004] acpi PNP0A03:00: _OSC: not requesting OS control; OS requires [ExtendedConfig ASPM ClockPM MSI]
[    4.669199] acpi PNP0A03:00: fail to add MMCONFIG information, can't access extended PCI configuration space under this bridge.
[    4.702607] PCI host bridge to bus 0000:00
[    4.707522] pci_bus 0000:00: root bus resource [io  0x0000-0x0cf7 window]
[    4.748494] pci_bus 0000:00: root bus resource [io  0x0d00-0xffff window]
[    4.752102] pci_bus 0000:00: root bus resource [mem 0x000a0000-0x000bffff window]
[    4.793519] pci_bus 0000:00: root bus resource [mem 0x40000000-0xffdfffff window]
[    4.863616] pci_bus 0000:00: root bus resource [bus 00-ff]
[    4.897350] pci 0000:00:01.1: legacy IDE quirk: reg 0x10: [io  0x01f0-0x01f7]
[    4.947539] pci 0000:00:01.1: legacy IDE quirk: reg 0x14: [io  0x03f6]
[    4.985263] pci 0000:00:01.1: legacy IDE quirk: reg 0x18: [io  0x0170-0x0177]
[    5.024041] pci 0000:00:01.1: legacy IDE quirk: reg 0x1c: [io  0x0376]
[    5.093757] pci 0000:00:07.0: quirk: [io  0x4000-0x403f] claimed by PIIX4 ACPI
[    5.142333] pci 0000:00:07.0: quirk: [io  0x4100-0x410f] claimed by PIIX4 SMB
[    5.223100] ACPI: PCI Interrupt Link [LNKA] (IRQs 5 9 10 *11)
[    5.283585] ACPI: PCI Interrupt Link [LNKB] (IRQs 5 9 10 *11)
[    5.323972] ACPI: PCI Interrupt Link [LNKC] (IRQs 5 9 *10 11)
[    5.367197] ACPI: PCI Interrupt Link [LNKD] (IRQs 5 *9 10 11)
[    5.389935] ACPI: Enabled 2 GPEs in block 00 to 07
[    5.435749] vgaarb: setting as boot device: PCI:0000:00:02.0
[    5.479099] vgaarb: device added: PCI:0000:00:02.0,decodes=io+mem,owns=io+mem,locks=none
[    5.559605] vgaarb: loaded
[    5.580390] vgaarb: bridge control possible 0000:00:02.0
[    5.610062] SCSI subsystem initialized
[    5.623847] ACPI: bus type USB registered
[    5.635954] usbcore: registered new interface driver usbfs
[    5.646499] usbcore: registered new interface driver hub
[    5.668527] usbcore: registered new device driver usb
[    5.687840] PCI: Using ACPI for IRQ routing
[    5.698773] NetLabel: Initializing
[    5.706661] NetLabel:  domain hash size = 128
[    5.759184] NetLabel:  protocols = UNLABELED CIPSOv4
[    5.760539] NetLabel:  unlabeled traffic allowed by default
[    5.803927] amd_nb: Cannot enumerate AMD northbridges
[    5.829513] clocksource: Switched to clocksource kvm-clock
[    5.891379] AppArmor: AppArmor Filesystem Enabled
[    5.914760] pnp: PnP ACPI init
[    5.943034] pnp: PnP ACPI: found 3 devices
[    5.960129] clocksource: acpi_pm: mask: 0xffffff max_cycles: 0xffffff, max_idle_ns: 2085701024 ns
[    6.034844] NET: Registered protocol family 2
[    6.044547] TCP established hash table entries: 8192 (order: 4, 65536 bytes)
[    6.114337] TCP bind hash table entries: 8192 (order: 5, 131072 bytes)
[    6.158087] TCP: Hash tables configured (established 8192 bind 8192)
[    6.171826] UDP hash table entries: 512 (order: 2, 16384 bytes)
[    6.178232] UDP-Lite hash table entries: 512 (order: 2, 16384 bytes)
[    6.189987] NET: Registered protocol family 1
[    6.196520] pci 0000:00:00.0: Limiting direct PCI/PCI transfers
[    6.218955] pci 0000:00:01.0: Activating ISA DMA hang workarounds
[    6.224559] Unpacking initramfs...
[    8.868868] Freeing initrd memory: 10792K
[    8.876152] RAPL PMU detected, API unit is 2^-32 Joules, 4 fixed counters 10737418240 ms ovfl timer
[    8.903787] hw unit of domain pp0-core 2^-0 Joules
[    8.918700] hw unit of domain package 2^-0 Joules
[    8.945671] hw unit of domain dram 2^-0 Joules
[    8.980710] hw unit of domain pp1-gpu 2^-0 Joules
[    8.982126] platform rtc_cmos: registered platform RTC device (no PNP device found)
[    9.002439] Scanning for low memory corruption every 60 seconds
[    9.094061] audit: initializing netlink subsys (disabled)
[    9.100713] audit: type=2000 audit(1508335751.260:1): initialized
[    9.220305] Initialise system trusted keyring
[    9.267384] HugeTLB registered 2 MB page size, pre-allocated 0 pages
[    9.300879] zbud: loaded
[    9.326216] VFS: Disk quotas dquot_6.6.0
[    9.355394] VFS: Dquot-cache hash table entries: 512 (order 0, 4096 bytes)
[    9.409174] squashfs: version 4.0 (2009/01/31) Phillip Lougher
[    9.459880] fuse init (API version 7.23)
[    9.493134] Key type big_key registered
[    9.531790] Allocating IMA MOK and blacklist keyrings.
[    9.536989] Key type asymmetric registered
[    9.541090] Asymmetric key parser 'x509' registered
[    9.544141] Block layer SCSI generic (bsg) driver version 0.4 loaded (major 249)
[    9.558482] io scheduler noop registered
[    9.564230] io scheduler deadline registered (default)
[    9.571229] io scheduler cfq registered
[    9.579588] pci_hotplug: PCI Hot Plug PCI Core version: 0.5
[    9.587505] pciehp: PCI Express Hot Plug Controller Driver version: 0.4
[    9.596113] ACPI: AC Adapter [AC] (off-line)
[    9.603288] input: Power Button as /devices/LNXSYSTM:00/LNXPWRBN:00/input/input0
[    9.615361] ACPI: Power Button [PWRF]
[    9.623438] input: Sleep Button as /devices/LNXSYSTM:00/LNXSLPBN:00/input/input1
[    9.628345] ACPI: Sleep Button [SLPF]
[    9.631731] ACPI: Battery Slot [BAT0] (battery present)
[    9.639427] GHES: HEST is not enabled!
[    9.644929] Serial: 8250/16550 driver, 32 ports, IRQ sharing enabled
[    9.668867] 00:02: ttyS0 at I/O 0x3f8 (irq = 4, base_baud = 115200) is a 16550A
[    9.681282] Linux agpgart interface v0.103
[    9.711875] loop: module loaded
[    9.729223] scsi host0: ata_piix
[    9.737961] scsi host1: ata_piix
[    9.738978] ata1: PATA max UDMA/33 cmd 0x1f0 ctl 0x3f6 bmdma 0xd000 irq 14
[    9.740779] ata2: PATA max UDMA/33 cmd 0x170 ctl 0x376 bmdma 0xd008 irq 15
[    9.744962] libphy: Fixed MDIO Bus: probed
[    9.748448] tun: Universal TUN/TAP device driver, 1.6
[    9.765549] tun: (C) 1999-2004 Max Krasnyansky <maxk@qualcomm.com>
[    9.783809] PPP generic driver version 2.4.2
[    9.814936] ehci_hcd: USB 2.0 'Enhanced' Host Controller (EHCI) Driver
[    9.824926] ehci-pci: EHCI PCI platform driver
[    9.834697] ehci-platform: EHCI generic platform driver
[    9.855525] ohci_hcd: USB 1.1 'Open' Host Controller (OHCI) Driver
[    9.866090] ohci-pci: OHCI PCI platform driver
[    9.870866] ohci-platform: OHCI generic platform driver
[    9.875370] uhci_hcd: USB Universal Host Controller Interface driver
[    9.877279] i8042: PNP: PS/2 Controller [PNP0303:PS2K,PNP0f03:PS2M] at 0x60,0x64 irq 1,12
[    9.891231] serio: i8042 KBD port at 0x60,0x64 irq 1
[    9.904072] serio: i8042 AUX port at 0x60,0x64 irq 12
[    9.927211] mousedev: PS/2 mouse device common for all mice
[    9.960168] rtc_cmos rtc_cmos: rtc core: registered rtc_cmos as rtc0
[   10.008799] tsc: Refined TSC clocksource calibration: 1599.709 MHz
[   10.020647] clocksource: tsc: mask: 0xffffffffffffffff max_cycles: 0x170f121db43, max_idle_ns: 440795233609 ns
[   10.020713] rtc_cmos rtc_cmos: alarms up to one day, 114 bytes nvram
[   10.020730] i2c /dev entries driver
[   10.020810] device-mapper: uevent: version 1.0.3
[   10.020889] device-mapper: ioctl: 4.34.0-ioctl (2015-10-28) initialised: dm-devel@redhat.com
[   10.020905] ledtrig-cpu: registered to indicate activity on CPUs
[   10.021296] NET: Registered protocol family 10
[   10.021447] NET: Registered protocol family 17
[   10.021456] Key type dns_resolver registered
[   10.021592] microcode: CPU0 sig=0x306d4, pf=0x40, revision=0x0
[   10.024287] microcode: CPU1 sig=0x306d4, pf=0x40, revision=0x0
[   10.024335] microcode: Microcode Update Driver: v2.01 <tigran@aivazian.fsnet.co.uk>, Peter Oruba
[   10.024463] registered taskstats version 1
[   10.024480] Loading compiled-in X.509 certificates
[   10.025173] Loaded X.509 cert 'Build time autogenerated kernel key: d1010f9627fd9242df4b03365d2931dfd1ad3d42'
[   10.025191] zswap: loaded using pool lzo/zbud
[   10.026807] Key type trusted registered
[   10.029110] Key type encrypted registered
[   10.029116] AppArmor: AppArmor sha1 policy hashing enabled
[   10.029119] ima: No TPM chip found, activating TPM-bypass!
[   10.029142] evm: HMAC attrs: 0x1
[   10.029461]   Magic number: 5:478:182
[   10.032555] rtc_cmos rtc_cmos: setting system clock to 2017-10-18 14:09:13 UTC (1508335753)
[   10.032749] BIOS EDD facility v0.16 2004-Jun-25, 0 devices found
[   10.032750] EDD information not available.
[   10.729372] input: AT Translated Set 2 keyboard as /devices/platform/i8042/serio0/input/input2
[   10.804798] Freeing unused kernel memory: 1492K
[   10.824208] Write protecting the kernel read-only data: 14336k
[   10.833412] Freeing unused kernel memory: 1748K
[   10.842188] Freeing unused kernel memory: 112K
Loading, please wait...
starting version[   10.880405] random: udevadm: uninitialized urandom read (16 bytes read, 5 bits of entropy available)
 229
[   10.880833] random: systemd-udevd: uninitialized urandom read (16 bytes read, 5 bits of entropy available)
[   10.880921] random: systemd-udevd: uninitialized urandom read (16 bytes read, 5 bits of entropy available)
[   10.880937] random: systemd-udevd: uninitialized urandom read (16 bytes read, 5 bits of entropy available)
[   10.880954] random: systemd-udevd: uninitialized urandom read (16 bytes read, 5 bits of entropy available)
[   11.005810] random: udevadm: uninitialized urandom read (16 bytes read, 7 bits of entropy available)
[   11.027432] random: udevadm: uninitialized urandom read (16 bytes read, 7 bits of entropy available)
[   11.047736] random: udevadm: uninitialized urandom read (16 bytes read, 7 bits of entropy available)
[   11.058275] random: udevadm: uninitialized urandom read (16 bytes read, 7 bits of entropy available)
[   11.070166] random: udevadm: uninitialized urandom read (16 bytes read, 7 bits of entropy available)
[   11.127192] Fusion MPT base driver 3.04.20
[   11.135709] Copyright (c) 1999-2008 LSI Corporation
[   11.163197] e1000: Intel(R) PRO/1000 Network Driver - version 7.3.21-k8-NAPI
[   11.170386] e1000: Copyright (c) 1999-2006 Intel Corporation.
[   11.189133] Fusion MPT SPI Host driver 3.04.20
[   11.213535] AVX version of gcm_enc/dec engaged.
[   11.221936] AES CTR mode by8 optimization enabled
[   11.383054] input: ImExPS/2 Generic Explorer Mouse as /devices/platform/i8042/serio1/input/input4
[   11.600014] e1000 0000:00:03.0 eth0: (PCI:33MHz:32-bit) 02:14:68:3e:84:47
[   11.639688] e1000 0000:00:03.0 eth0: Intel(R) PRO/1000 Network Connection
[   12.055124] e1000 0000:00:08.0 eth1: (PCI:33MHz:32-bit) 08:00:27:ba:e5:0f
[   12.111246] e1000 0000:00:08.0 eth1: Intel(R) PRO/1000 Network Connection
[   12.179541] e1000 0000:00:03.0 enp0s3: renamed from eth0
[   12.232355] mptbase: ioc0: Initiating bringup
[   12.290172] e1000 0000:00:08.0 enp0s8: renamed from eth1
[   12.386040] ioc0: LSI53C1030 A0: Capabilities={Initiator}
[   12.605090] scsi host2: ioc0: LSI53C1030 A0, FwRev=00000000h, Ports=1, MaxQ=256, IRQ=20
[   12.770518] scsi 2:0:0:0: Direct-Access     VBOX     HARDDISK         1.0  PQ: 0 ANSI: 5
[   12.846763] scsi target2:0:0: Beginning Domain Validation
[   12.922873] scsi target2:0:0: Domain Validation skipping write tests
[   12.994196] scsi target2:0:0: Ending Domain Validation
[   13.052770] scsi target2:0:0: asynchronous
[   13.142648] scsi 2:0:1:0: Direct-Access     VBOX     HARDDISK         1.0  PQ: 0 ANSI: 5
[   13.267938] scsi target2:0:1: Beginning Domain Validation
[   13.316586] scsi target2:0:1: Domain Validation skipping write tests
[   13.360187] scsi target2:0:1: Ending Domain Validation
[   13.415649] scsi target2:0:1: asynchronous
[   13.436066] sd 2:0:0:0: [sda] 20971520 512-byte logical blocks: (10.7 GB/10.0 GiB)
[   13.507799] sd 2:0:0:0: Attached scsi generic sg0 type 0
[   13.542507] sd 2:0:1:0: Attached scsi generic sg1 type 0
[   13.602197] sd 2:0:0:0: [sda] Write Protect is off
[   13.650524] sd 2:0:1:0: [sdb] 20480 512-byte logical blocks: (10.5 MB/10.0 MiB)
[   13.683126] sd 2:0:0:0: [sda] Incomplete mode parameter data
[   13.683186] sd 2:0:1:0: [sdb] Write Protect is off
[   13.683289] sd 2:0:1:0: [sdb] Incomplete mode parameter data
[   13.683290] sd 2:0:1:0: [sdb] Assuming drive cache: write through
[   13.685065] sd 2:0:1:0: [sdb] Attached SCSI disk
[   13.900016] sd 2:0:0:0: [sda] Assuming drive cache: write through
[   13.935057]  sda: sda1
[   13.965280] sd 2:0:0:0: [sda] Attached SCSI disk
[   14.252136] floppy0: no floppy controllers found
Begin: Loading e[   15.743120] md: linear personality registered for level -1
ssential drivers[   15.781127] md: multipath personality registered for level -4
 ... [   15.856987] md: raid0 personality registered for level 0
[   15.868081] md: raid1 personality registered for level 1
[   15.961632] raid6: sse2x1   gen()  7767 MB/s
[   16.053616] raid6: sse2x1   xor()  5128 MB/s
[   16.129577] raid6: sse2x2   gen()  8509 MB/s
[   16.205567] raid6: sse2x2   xor()  6199 MB/s
[   16.297572] raid6: sse2x4   gen()  8743 MB/s
[   16.369661] raid6: sse2x4   xor()  6405 MB/s
[   16.388918] raid6: using algorithm sse2x4 gen() 8743 MB/s
[   16.419652] raid6: .... xor() 6405 MB/s, rmw enabled
[   16.430999] raid6: using ssse3x2 recovery algorithm
[   16.451551] xor: automatically using best checksumming function:
[   16.558531]    avx       : 15727.000 MB/sec
[   16.580635] async_tx: api initialized (async)
[   16.611253] md: raid6 personality registered for level 6
[   16.619981] md: raid5 personality registered for level 5
[   16.648383] md: raid4 personality registered for level 4
[   16.668120] md: raid10 personality registered for level 10
done.
Begin: Running /scripts/init-premount ... done.
Begin: Mounting root file system ... Begin: Running /scripts/local-top ... done.
Begin: Running /scripts/local-premount ... [   16.724302] Btrfs loaded
Scanning for Btrfs filesystems
done.
Warning: fsck no[   16.826317] EXT4-fs (sda1): mounted filesystem with ordered data mode. Opts: (null)
t present, so skipping root file system
done.
Begin: Running /scripts/local-bottom ... done.
Begin: Running /scripts/init-bottom ... done.
[   17.054981] systemd[1]: systemd 229 running in system mode. (+PAM +AUDIT +SELINUX +IMA +APPARMOR +SMACK +SYSVINIT +UTMP +LIBCRYPTSETUP +GCRYPT +GNUTLS +ACL +XZ -LZ4 +SECCOMP +BLKID +ELFUTILS +KMOD -IDN)
[   17.099551] systemd[1]: Detected virtualization oracle.
[   17.106795] systemd[1]: Detected architecture x86-64.

Welcome to [1mUbuntu 16.04.3 LTS[0m!

[   17.144049] systemd[1]: Set hostname to <ubuntu>.
[   17.168280] systemd[1]: Initializing machine ID from random generator.
[   17.185375] systemd[1]: Installed transient /etc/machine-id file.
[   17.373171] systemd[1]: Started Trigger resolvconf update for networkd DNS.
[[0;32m  OK  [0m] Started Trigger resolvconf update for networkd DNS.
[   17.446271] systemd[1]: Reached target User and Group Name Lookups.
[[0;32m  OK  [0m] Reached target User and Group Name Lookups.
[   17.515641] systemd[1]: Listening on Journal Socket (/dev/log).
[[0;32m  OK  [0m] Listening on Journal Socket (/dev/log).
[   17.550391] systemd[1]: Started Forward Password Requests to Wall Directory Watch.
[[0;32m  OK  [0m] Started Forward Password Requests to Wall Directory Watch.
[   17.674101] systemd[1]: Created slice User and Session Slice.
[[0;32m  OK  [0m] Created slice User and Session Slice.
[   17.694294] systemd[1]: Listening on udev Control Socket.
[[0;32m  OK  [0m] Listening on udev Control Socket.
[   17.765443] systemd[1]: Listening on /dev/initctl Compatibility Named Pipe.
[[0;32m  OK  [0m] Listening on /dev/initctl Compatibility Named Pipe.
[   17.889623] systemd[1]: Listening on Syslog Socket.
[[0;32m  OK  [0m] Listening on Syslog Socket.
[   17.998111] systemd[1]: Listening on Journal Audit Socket.
[[0;32m  OK  [0m] Listening on Journal Audit Socket.
[   18.102345] systemd[1]: Created slice System Slice.
[[0;32m  OK  [0m] Created slice System Slice.
[   18.165811] systemd[1]: Created slice system-serial\x2dgetty.slice.
[[0;32m  OK  [0m] Created slice system-serial\x2dgetty.slice.
[   18.195176] systemd[1]: Listening on udev Kernel Socket.
[[0;32m  OK  [0m] Listening on udev Kernel Socket.
[   18.334147] systemd[1]: Set up automount Arbitrary Executable File Formats File System Automount Point.
[[0;32m  OK  [0m] Set up automount Arbitrary Executab...ats File System Automount Point.
[   18.552113] systemd[1]: Reached target Swap.
[[0;32m  OK  [0m] Reached target Swap.
[   18.646689] systemd[1]: Reached target Encrypted Volumes.
[[0;32m  OK  [0m] Reached target Encrypted Volumes.
[   18.745153] systemd[1]: Listening on Journal Socket.
[[0;32m  OK  [0m] Listening on Journal Socket.
[   18.801950] systemd[1]: Starting Uncomplicated firewall...
[   18.821226] random: nonblocking pool is initialized
         Starting Uncomplicated firewall...
[   18.885945] systemd[1]: Mounting Debug File System...
         Mounting Debug File System...
[   18.998333] systemd[1]: Starting Journal Service...
         Starting Journal Service...
[   19.028277] systemd[1]: Starting Remount Root and Kernel File Systems...
         Starting Remount[   19.079689] EXT4-fs (sda1): re-mounted. Opts: (null)
 Root and Kernel File Systems...
[   19.152417] systemd[1]: Starting Set console keymap...
         Starting Set console keymap...
[   19.222133] systemd[1]: Reached target Slices.
[[0;32m  OK  [0m] Reached target Slices.
[   19.289818] systemd[1]: Mounting Huge Pages File System...
         Mounting Huge Pages File System...
[   19.373953] systemd[1]: Listening on Device-mapper event daemon FIFOs.
[[0;32m  OK  [0m] Listening on Device-mapper event daemon FIFOs.
[   19.514256] systemd[1]: Starting Create list of required static device nodes for the current kernel...
         Starting Create list of required st... nodes for the current kernel...
[   19.622325] systemd[1]: Starting Load Kernel Modules...
         Startin[   19.633797] Loading iSCSI transport class v2.0-870.
g Load Kernel Modules...
[   19.652234] iscsi: registered transport (tcp)
[   19.721251] systemd[1]: Listening on LVM2 metadata daemon socket.
[[0;32m  OK  [0m] Listening on LVM2 metadata daemon socket.
[   19.819667] iscsi: registered transport (iser)
[   19.849953] systemd[1]: Starting Monitoring of LVM2 mirrors, snapshots etc. using dmeventd or progress polling...
         Starting Monitoring of LVM2 mirrors... dmeventd or progress polling...
[   19.961864] systemd[1]: Starting Nameserver information manager...
         Starting Nameserver information manager...
[   19.990980] systemd[1]: Listening on LVM2 poll daemon socket.
[[0;32m  OK  [0m] Listening on LVM2 poll daemon socket.
[   20.045833] systemd[1]: Mounting POSIX Message Queue File System...
         Mounting POSIX Message Queue File System...
[   20.162582] systemd[1]: Mounted Debug File System.
[[0;32m  OK  [0m] Mounted Debug File System.
[   20.202023] systemd[1]: Mounted Huge Pages File System.
[[0;32m  OK  [0m] Mounted Huge Pages File System.
[   20.310255] systemd[1]: Mounted POSIX Message Queue File System.
[[0;32m  OK  [0m] Mounted POSIX Message Queue File System.
[   20.362068] systemd[1]: Started Journal Service.
[[0;32m  OK  [0m] Started Journal Service.
[[0;32m  OK  [0m] Started Uncomplicated firewall.
[[0;32m  OK  [0m] Started Remount Root and Kernel File Systems.
[[0;32m  OK  [0m] Started Set console keymap.
[[0;32m  OK  [0m] Started Create list of required sta...ce nodes for the current kernel.
[[0;32m  OK  [0m] Started Load Kernel Modules.
[[0;32m  OK  [0m] Started Nameserver information manager.
[[0;32m  OK  [0m] Started LVM2 metadata daemon.
         Mounting FUSE Control File System...
         Starting Apply Kernel Variables...
         Starting Create Static Device Nodes in /dev...
         Starting Initial cloud-init job (pre-networking)...
         Starting udev Coldplug all Devices...
         Starting Load/Save Random Seed...
         Starting Flush Journal to Persistent Storage...
[[0;32m  OK  [0m] Mounted FUSE Control File System.
[[0;32m  OK  [0m] Started Apply Kernel Variables.
[[0;32m  OK  [0m] Started Create Static Device Nodes in /dev.
[[0;32m  OK  [0m] Started Monitoring of LVM2 mirrors,...ng dmeventd or progress polling.
[[0;32m  OK  [0m] Started Load/Save Random Seed.
[[0;32m  OK  [0m] Started udev Coldplug all Devices.
[[0;32m  OK  [0m] Started Flush Journal to Persistent Storage.
         Starting udev Kernel Device Manager...
[[0;32m  OK  [0m] Started udev Kernel Device Manager.
[[0;32m  OK  [0m] Reached target Local File Systems (Pre).
[[0;32m  OK  [0m] Reached target Local File Systems.
         Starting LSB: AppArmor initialization...
         Starting Create Volatile Files and Directories...
         Starting Tell Plymouth To Write Out Runtime Data...
         Starting Commit a transient machine-id on disk...
         Starting Set console font and keymap...
[[0;32m  OK  [0m] Started Dispatch Password Requests to Console Directory Watch.
[[0;32m  OK  [0m] Started Create Volatile Files and Directories.
[[0;32m  OK  [0m] Started Tell Plymouth To Write Out Runtime Data.
[[0;32m  OK  [0m] Started Commit a transient machine-id on disk.
[[0;32m  OK  [0m] Found device /dev/ttyS0.
[[0;32m  OK  [0m] Listening on Load/Save RF Kill Switch Status /dev/rfkill Watch.
[[0;32m  OK  [0m] Reached target System Time Synchronized.
[   16.963529] cloud-init[448]: Cloud-init v. 0.7.9 running 'init-local' at Wed, 18 Oct 2017 14:09:25 +0000. Up 16.51 seconds.
         Starting Update UTMP about System Boot/Shutdown...
[[0;32m  OK  [0m] Started LSB: AppArmor initialization.
[[0;32m  OK  [0m] Started Set console font and keymap.
[[0;32m  OK  [0m] Started Initial cloud-init job (pre-networking).
[[0;32m  OK  [0m] Started Update UTMP about System Boot/Shutdown.
[[0;32m  OK  [0m] Reached target Network (Pre).
[[0;32m  OK  [0m] Created slice system-getty.slice.
         Starting Raise network interfaces...
[[0;32m  OK  [0m] Started Raise network interfaces.
[[0;32m  OK  [0m] Reached target Network.
         Starting Initial cloud-init job (metadata service crawler)...
[   20.825447] cloud-init[942]: Cloud-init v. 0.7.9 running 'init' at Wed, 18 Oct 2017 14:09:28 +0000. Up 19.93 seconds.
[   20.892963] [cloud-init[0;32m  OK  [0m[942]: ] ci-info: ++++++++++++++++++++++++++++++++++++++Net device info++++++++++++++++++++++++++++++++++++++Started Initial cloud-init job (metadata service crawler).

[   20.894126] cloud-init[942]: ci-info: +--------+-------+----------------------------+---------------+-------+-------------------+
[   21.036618] [cloud-init[0;32m  OK  [0m[942]: ] ci-info: | Device |   Up  |          Address           |      Mask     | Scope |     Hw-Address    |Reached target Network is Online.

[   21.037593] cloud-init[942]: ci-info: +--------+-------+----------------------------+---------------+-------+-------------------+
[   21.149013]          cloud-initStarting iSCSI initiator daemon (iscsid)...[942]: 
ci-info: | enp0s8 | False |             .              |       .       |   .   | 08:00:27:ba:e5:0f |
[   21.269109] [cloud-init[0;32m  OK  [0m[942]: ] ci-info: |   lo   |  True |         127.0.0.1          |   255.0.0.0   |   .   |         .         |Reached target System Initialization.

[[0;32m  OK  [0m] Started Daily apt download activities.
[[0;32m  OK  [0m] Started Timer to automatically refresh installed snaps.
[   21.270309] cloud-init[942]: ci-info: |   lo   |  True |          ::1/128           |       .       |  host |         .         |
[   21.516467]          cloud-initStarting LXD - unix socket.[942]: 
ci-info: | enp0s3 |  True |         10.0.2.15          | 255.255.255.0 |   .   | 02:14:68:3e:84:47 |
[   21.608610] [cloud-init[0;32m  OK  [0m[942]: ] ci-info: | enp0s3 |  True | fe80::14:68ff:fe3e:8447/64 |       .       |  link | 02:14:68:3e:84:47 |Started Timer to automatically fetch and run repair assertions.

[   21.676486] [cloud-init[0;32m  OK  [0m[942]: ] ci-info: +--------+-------+----------------------------+---------------+-------+-------------------+Started Daily apt upgrade and clean activities.

[   21.677313]          cloud-initStarting Socket activation for snappy daemon.[942]: 
ci-info: +++++++++++++++++++++++++++Route IPv4 info++++++++++++++++++++++++++++
[   21.807754] [cloud-init[0;32m  OK  [0m[942]: ] ci-info: +-------+-------------+----------+---------------+-----------+-------+Started ACPI Events Check.

[[0;32m  OK  [0m] Reached target Paths.
[   21.808412] cloud-init[942]: ci-info: | Route | Destination | Gateway  |    Genmask    | Interface | Flags |
[   21.964775] [cloud-init[0;32m  OK  [0m[942]: ] ci-info: +-------+-------------+----------+---------------+-----------+-------+Started Daily Cleanup of Temporary Directories.

[[0;32m  OK  [0m] Reached target Timers.
[[0;32m  OK  [0m] Listening on ACPID Listen Socket.
[   21.965763] cloud-init[942]: ci-info: |   0   |   0.0.0.0   | 10.0.2.2 |    0.0.0.0    |   enp0s3  |   UG  |
[   22.180623] [cloud-init[0;32m  OK  [0m[942]: ] ci-info: |   1   |   10.0.2.0  | 0.0.0.0  | 255.255.255.0 |   enp0s3  |   U   |Listening on D-Bus System Message Bus Socket.

[   22.214133] [cloud-init[0;32m  OK  [0m[942]: ] ci-info: +-------+-------------+----------+---------------+-----------+-------+Listening on UUID daemon activation socket.

[[0;32m  OK  [0m] Reached target Cloud-config availability.
[   22.215083] cloud-init[942]: Generating public/private rsa key pair.
[   22.368983] cloud-init[942]: Your identification has been saved in /etc/ssh/ssh_host_rsa_key.
[   22.421010] cloud-init[942]: Your public key has been saved in /etc/ssh/ssh_host_rsa_key.pub.
[[0;32m  OK  [0m] Listening on LXD - unix socket.
[[0;32m  OK  [0m] Listening on Socket activation for snappy daemon.
[[0;32m  OK  [0m] Started iSCSI initiator daemon (iscsid).
[   22.481494] cloud-init[942]: The key fingerprint is:
[   22.648602]          cloud-initStarting Login to default iSCSI targets...[942]: 
SHA256:5Wxw5bNn1kdX39xeKIfw8gwSN4zdMRreNbnpFVtaj+E root@ubuntu-xenial
[   22.772884] [cloud-init[0;32m  OK  [0m[942]: ] The key's randomart image is:Reached target Sockets.

[   22.773785] [cloud-init[0;32m  OK  [0m[942]: ] +---[RSA 2048]----+Reached target Basic System.

[[0;32m  OK  [0m] Started D-Bus System Message Bus.
[   22.845353] cloud-init[942]: |        .+=.+.o..|
[   22.892650] cloud-init[942]: |        .+oX.+o=B|
[   22.920431] cloud-init[942]: |        o B B.oB&|
[   22.921071] cloud-init[942]: |         B = =E==|         
Starting Apply the settings specified in cloud-config...
[   22.921378] cloud-init[942]: |        S + +.+.+|
[   22.985250] cloud-init[942]: |         .   +. .|
[   23.036384] cloud-init[942]: |                 |
[   23.037012] cloud-init[942]: |                 |
[   23.037107] cloud-init[942]: |                 |
[   23.037187] cloud-init[942]: +----[SHA256]-----+
[   23.037267] cloud-init[942]: Generating public/private dsa key pair.
[   23.037408] cloud-init[942]: Your identification has been saved in /etc/ssh/ssh_host_dsa_key.
[   23.037482] cloud-init[942]: Your public key has been saved in /etc/ssh/ssh_host_dsa_key.pub.
[   23.037550] cloud-init[942]: The key fingerprint is:
[   23.037617] cloud-init[942]: SHA256:PFv8HavMGMrGH1QiPmPJ980fP2DPOQ4HzErt9qmnkv8 root@ubuntu-xenial
[   23.037679] cloud-init[942]: The key's randomart image is:
[   23.037738] cloud-init[942]: +---[DSA 1024]----+
[   23.037807] cloud-init[942]: |                 |
[   23.037866] cloud-init[942]: |                 |
[   23.037926] cloud-init[942]: |        . . .    |
[   23.037986] cloud-init[942]: |       + + o+    |
[   23.038044] cloud-init[942]: |        S =. =.  |
[   23.038104] cloud-init[942]: |       . O.oo*.o |
[   23.038202] cloud-init[942]: |       .. o.=+Oo.|
[   23.038324] cloud-init[942]: |       .o. O..+O+|
[   23.038455] cloud-init[942]: |       .o.o *+*E=|
[   23.038547] cloud-init[942]: +----[SHA256]-----+
[   23.038611] cloud-init[942]: Generating public/private ecdsa key pair.
[   23.038674] cloud-init[942]: Your identification has been saved in /etc/ssh/ssh_host_ecdsa_key.
[   23.038744] cloud-init[942]: Your public key has been saved in /etc/ssh/ssh_host_ecdsa_key.pub.
[   23.038810] cloud-init[942]: The key fingerprint is:
[   23.038873] cloud-init[942]: SHA256:05yIPbcayTyY7dobEWMNQPQygBfp/fC4k3ArHBs83yM root@ubuntu-xenial
[   23.038934] cloud-init[942]: The key's randomart image is:
[   23.039115] cloud-init[942]: +---[ECDSA 256]---+
[   23.039245] cloud-init[942]: |   .o=+..        |
[   23.039324] cloud-init[942]: |  . o. . o       |
[   23.039392] cloud-init[942]: |   o .o = .      |
[   23.039458] cloud-init[942]: |    . o* * .     |
[   23.039525] cloud-init[942]: |   .  .=S =      |
[   23.039589] cloud-init[942]: |    * o*o* .     |
[   23.039655] cloud-init[942]: |   . Oo=O .      |
[   23.039727] cloud-init[942]: |    + Eoo=       |
[   23.039795] cloud-init[942]: |     ..+=o       |
[   23.039859] cloud-init[942]: +----[SHA256]-----+
[   23.039923] cloud-init[942]: Generating public/private ed25519 key pair.
         Starting Login Service...
[[0;32m  OK  [0m] Started Unattended Upgrades Shutdown.
[   23.041214] cloud-init[942]: Your identification has been saved in /etc/ssh/ssh_host_ed25519_key.
[[0;32m  OK  [0m] Started FUSE filesystem for LXC.
[   24.535776] cloud-init[942]: Your public key has been saved in /etc/ssh/ssh_host_ed25519_key.pub.
[   24.633506] cloud-init[942]: The key fingerprint is:
[[   24.688183] cloud-init[942]: SHA256:7qYDhgED3yDPDJ5FF+iB7uRLrNqrS6oF8RfEvkT8TYM root@ubuntu-xenial
[   24.688625] cloud-init[942]: The key's randomart image is:
[   24.688694] cloud-init[942]: +--[ED25519 256]--+
[   24.688751] cloud-init[942]: |= +=oo..         |
[   24.688806] cloud-init[942]: |+Oo*= E o        |
[   24.688868] cloud-init[942]: |o=*o+. o .       |
[   24.688922] cloud-init[942]: | =..o.. .        |
[   24.688974] cloud-init[942]: |* .+..  S        |
[   24.689010] cloud-init[942]: | *..+  .         |
[   24.689053] cloud-init[942]: |o.o. .  .        |
[   24.689108] cloud-init[942]: |++    ...        |
[   24.689535] cloud-init[942]: |Ooo.  .+.        |
[   24.689609] cloud-init[942]: +----[SHA256]-----+
[   24.691453] cloud-init[1045]: Generating locales (this might take a while)...
[0;32m  OK  [0m] Started Deferred execution scheduler.
[   25.010258] cloud-init[1045]:   en_US.UTF-8... done
[   25.092462] cloud-init[1045]: Generation complete.
         Starting LSB: Record successful boot for GRUB...
[[0;32m  OK  [0m] Started ACPI event daemon.
         Starting Accounts Service...
         Starting Snappy daemon...
         Starting Pollinate to seed the pseudo random number generator...
         Starting LSB: MD monitoring daemon...
[[0;32m  OK  [0m] Started Regular background program processing daemon.
         Starting /etc/rc.local Compatibility...
         Starting System Logging Service...
         Starting LXD - container startup/shutdown...
[[0;32m  OK  [0m] Started Snappy daemon.
[[0;32m  OK  [0m] Started System Logging Service.
[[0;32m  OK  [0m] Started /etc/rc.local Compatibility.
[[0;32m  OK  [0m] Started LXD - container startup/shutdown.
[[0;32m  OK  [0m] Started Login to default iSCSI targets.
[[0;32m  OK  [0m] Started LSB: Record successful boot for GRUB.
[[0;32m  OK  [0m] Started Pollinate to seed the pseudo random number generator.
[[0;32m  OK  [0m] Started LSB: MD monitoring daemon.
[[0;32m  OK  [0m] Started Login Service.
         Starting Authenticate and Authorize Users to Run Privileged Tasks...
[[0;32m  OK  [0m] Stopped OpenBSD Secure Shell server.
         Starting OpenBSD Secure Shell server...
[[0;32m  OK  [0m] Reached target Remote File Systems (Pre).
[[0;32m  OK  [0m] Reached target Remote File Systems.
         Starting LSB: Set the CPU Frequency Scaling governor to "ondemand"...
         Starting LSB: daemon to balance interrupts for SMP systems...
         Starting Permit User Sessions...
         Starting LSB: automatic crash report generation...
         Starting LSB: VirtualBox Linux Additions...
         Starting Auto import assertions from block devices...
[[0;32m  OK  [0m] Started OpenBSD Secure Shell server.
[[0;32m  OK  [0m] Started Permit User Sessions.
[[0;32m  OK  [0m] Started Auto import assertions from block devices.
[[0;32m  OK  [0m] Started Authenticate and Authorize Users to Run Privileged Tasks.
[[0;32m  OK  [0m] Started Accounts Service.
[[0;32m  OK  [0m] Started LSB: Set the CPU Frequency Scaling governor to "ondemand".
[[0;32m  OK  [0m] Started LSB: daemon to balance interrupts for SMP systems.
[[0;32m  OK  [0m] Created slice User Slice of ubuntu.
[[0;32m  OK  [0m] Started Session 1 of user ubuntu.
         Starting User Manager for UID 1000...
         Starting Hold until boot process finishes up...
         Starting Terminate Plymouth Boot Screen...
[[0;32m  OK  [0m] Started User Manager for UID 1000.
[[0;32m  OK  [0m] Started LSB: automatic crash report generation.
[[0;32m  OK  [0m] Started LSB: VirtualBox Linux Additions.
[   26.788245] cloud-init[1045]: Cloud-init v. 0.7.9 running 'modules:config' at Wed, 18 Oct 2017 14:09:32 +0000. Up 23.38 seconds.
[[0;32m  OK  [0m] Started Hold until boot process finishes up.
[[0;32m  OK  [0m] Started Apply the settings specified in cloud-config.
[[0;32m  OK  [0m] Started Terminate Plymouth Boot Screen.
         Starting Set console scheme...
[[0;32m  OK  [0m] Started Getty on tty1.
[[0;32m  OK  [0m] Started Serial Getty on ttyS0.
[[0;32m  OK  [0m] Reached target Login Prompts.
[[0;32m  OK  [0m] Reached target Multi-User System.
         Starting Execute cloud user/final scripts...
[[0;32m  OK  [0m] Reached target Graphical Interface.
         Starting Update UTMP about System Runlevel Changes...
[[0;32m  OK  [0m] Started Set console scheme.
[[0;32m  OK  [0m] Started Update UTMP about System Runlevel Changes.
ci-info: no authorized ssh keys fingerprints found for user ubuntu.
<14>Oct 18 14:09:36 ec2: 
<14>Oct 18 14:09:36 ec2: #############################################################
<14>Oct 18 14:09:36 ec2: -----BEGIN SSH HOST KEY FINGERPRINTS-----
<14>Oct 18 14:09:36 ec2: 1024 SHA256:PFv8HavMGMrGH1QiPmPJ980fP2DPOQ4HzErt9qmnkv8 root@ubuntu-xenial (DSA)
<14>Oct 18 14:09:36 ec2: 256 SHA256:05yIPbcayTyY7dobEWMNQPQygBfp/fC4k3ArHBs83yM root@ubuntu-xenial (ECDSA)
<14>Oct 18 14:09:36 ec2: 256 SHA256:7qYDhgED3yDPDJ5FF+iB7uRLrNqrS6oF8RfEvkT8TYM root@ubuntu-xenial (ED25519)
<14>Oct 18 14:09:36 ec2: 2048 SHA256:5Wxw5bNn1kdX39xeKIfw8gwSN4zdMRreNbnpFVtaj+E root@ubuntu-xenial (RSA)
<14>Oct 18 14:09:36 ec2: -----END SSH HOST KEY FINGERPRINTS-----
<14>Oct 18 14:09:36 ec2: #############################################################
-----BEGIN SSH HOST KEY KEYS-----
ecdsa-sha2-nistp256 AAAAE2VjZHNhLXNoYTItbmlzdHAyNTYAAAAIbmlzdHAyNTYAAABBBBeHcxxkFSOPd4I+Fn4BWcsxj6w5U+oIJaC3uMPziUbz8h6a+3bu5ua4CGiSZS6eI6LYg5pCg8UmhsQnJjdThE4= root@ubuntu-xenial
ssh-ed25519 AAAAC3NzaC1lZDI1NTE5AAAAIIohBanLr4E4jV+H0QoL9exqyhDqcvga9xqyCYWgozo1 root@ubuntu-xenial
ssh-rsa AAAAB3NzaC1yc2EAAAADAQABAAABAQDKHyUyWGU8Ls7WnTDAVz1JBcjEt0adDOE/PcdZRe41iZJB39bWc6zouPPYXpCE4H7uvBaEcwkRZhnrYY5RVEJeZoqIzxRG4CV6NxFRl/I6u9bwwv0+J59gAZhYnygCqXyZqTXjjZ524BQi42++LLr11k4dkOvsYSbHqLAWfIvaka7J68Zk8vovF5aIpGj0jC9VIV5wS9D/KBgFSkVQBQm0rZRibDSub2D/PMvJPjEAtdZwZiUN0J6j32yMuqDMzcTWVmrGDVtMW9Cfl1164vQL4SUyZLkNx4J2SXFNumxOM8JdJxEPSS6Bcz+Z6NIT/5pWvaH9dmouA1BYQUjMTOKB root@ubuntu-xenial
-----END SSH HOST KEY KEYS-----
[   28.205010] cloud-init[1310]: Cloud-init v. 0.7.9 running 'modules:final' at Wed, 18 Oct 2017 14:09:36 +0000. Up 27.68 seconds.
[   28.233903] cloud-init[1310]: ci-info: no authorized ssh keys fingerprints found for user ubuntu.
[   28.260782] cloud-init[1310]: Cloud-init v. 0.7.9 finished at Wed, 18 Oct 2017 14:09:36 +0000. Datasource DataSourceNoCloud [seed=/dev/sdb][dsmode=net].  Up 28.18 seconds
[[0;32m  OK  [0m] Started Execute cloud user/final scripts.
[[0;32m  OK  [0m] Reached target Cloud-init target.

Ubuntu 16.04.3 LTS ubuntu-xenial ttyS0

ubuntu-xenial login: 